// Jest Snapshot v1, https://goo.gl/fbAQLP

exports[`<MenuItem /> renders a menu item correctly 1`] = `"<li class=\\"item unselected\\"><h2>Test item</h2><p><span class=\\"dietary\\">gf</span><span class=\\"dietary\\">df</span></p></li>"`;
