// Jest Snapshot v1, https://goo.gl/fbAQLP

exports[`<MenuItemSelected /> renders a menu item correctly 1`] = `"<li class=\\"item selected\\"><h2>Test item</h2><p><span class=\\"dietary\\">gf</span><span class=\\"dietary\\">df</span></p><button class=\\"remove-item\\">x</button></li>"`;
